Microchip MPLAB XC8 Compiler V2.40

Linker command line:

-W-3 \
  --edf=C:\Program Files\Microchip\xc8\v2.40\pic\dat\20220703182018_en.msgs \
  -cn -h+dist/default/production\Lab2.X.production.sym \
  --cmf=dist/default/production\Lab2.X.production.cmf -z -Q16F887 \
  -oC:\Users\miche\AppData\Local\Temp\xcAscnc.4 --defsym=__MPLAB_BUILD=1 \
  --fixupoverflow=error -Mdist/default/production/Lab2.X.production.map \
  --md=C:\Users\miche\AppData\Local\Temp\xcAscnc.dat -E1 -ver=XC8 Compiler \
  --acfsm=1493 -ACODE=00h-07FFhx4 -ASTRCODE=00h-01FFFh -ASTRING=00h-0FFhx32 \
  -ACONST=00h-0FFhx32 -AENTRY=00h-0FFhx32 -ACOMMON=070h-07Fh \
  -ABANK0=020h-06Fh -ABANK1=0A0h-0EFh -ABANK2=0110h-016Fh \
  -ABANK3=0190h-01EFh -ARAM=020h-06Fh,0A0h-0EFh,0110h-016Fh,0190h-01EFh \
  -AABS1=020h-07Fh,0A0h-0EFh,0110h-016Fh,0190h-01EFh -ASFR0=00h-01Fh \
  -ASFR1=080h-09Fh -ASFR2=0100h-010Fh -ASFR3=0180h-018Fh \
  -ACONFIG=02007h-02008h -DCONFIG=2 -AIDLOC=02000h-02003h -DIDLOC=2 \
  -AEEDATA=00h-0FFh/02100h -peeprom_data=EEDATA -DEEDATA=2 -DCODE=2 \
  -DSTRCODE=2 -DSTRING=2 -DCONST=2 -DENTRY=2 \
  -preset_vec=00h,intentry,init,end_init -ppowerup=CODE -pcinit=CODE \
  -pfunctab=ENTRY -k C:\Users\miche\AppData\Local\Temp\xcAscnc.o \
  dist/default/production\Lab2.X.production.o 

Object code version is 3.11

Machine type is 16F887



                Name                               Link     Load   Length Selector   Space Scale
C:\Users\miche\AppData\Local\Temp\xcAscnc.o
                end_init                              0        0        3        0       0
                config                             2007     2007        2        0       4
                idloc                              2000     2000        4        0       5
dist/default/production\Lab2.X.production.o
                cinit                               7DF      7DF       21      FBE       0
                config                             2007     2007        2        0       4
                idloc                              2000     2000        4        0       5
                text21                              96F      96F        E     12DE       0
                text20                              97D      97D       10     12FA       0
                text19                              9E5      9E5       1F     13CA       0
                text18                              A25      A25       22     144A       0
                text17                              9B1      9B1       1A     1362       0
                text16                              962      962        D     12C4       0
                text15                                5        5       6A        A       0
                text14                              A6E      A6E       33     14DC       0
                text13                              A04      A04       21     1408       0
                text12                              242      242      258      484       0
                text11                               6F       6F      1D3       DE       0
                text10                              A47      A47       27     148E       0
                text9                               49A      49A      345      934       0
                text8                               B61      B61       76     16C2       0
                text7                               CDD      CDD       B8     19BA       0
                text6                               BD7      BD7       79     17AE       0
                text5                               98D      98D       11     131A       0
                text4                               C50      C50       8D     18A0       0
                text3                               AFA      AFA       67     15F4       0
                text2                               AA1      AA1       59     1542       0
                text1                               D95      D95       C6     1B2A       0
                maintext                            E5B      E5B      1A5     1CB6       0
                cstackBANK0                          20       20       50       20       1
                cstackCOMMON                         70       70        E       70       1
                inittext                            99E      99E       13     133C       0
                dataBANK1                            A0       A0       1A       A0       1
                bssBANK1                             BA       BA        D       A0       1
                strings                             800      800       12     1000       0
                nvBANK1                              C7       C7        1       A0       1
                idataBANK1                          9CB      9CB       1A     1396       0

TOTAL           Name                               Link     Load   Length     Space
        CLASS   CODE           
                end_init                              0        0        3         0
                cinit                               7DF      7DF       21         0
                text21                              96F      96F        E         0
                text20                              97D      97D       10         0
                text19                              9E5      9E5       1F         0
                text18                              A25      A25       22         0
                text17                              9B1      9B1       1A         0
                text16                              962      962        D         0
                text15                                5        5       6A         0
                text14                              A6E      A6E       33         0
                text13                              A04      A04       21         0
                text12                              242      242      258         0
                text11                               6F       6F      1D3         0
                text10                              A47      A47       27         0
                text9                               49A      49A      345         0
                text8                               B61      B61       76         0
                text7                               CDD      CDD       B8         0
                text6                               BD7      BD7       79         0
                text5                               98D      98D       11         0
                text4                               C50      C50       8D         0
                text3                               AFA      AFA       67         0
                text2                               AA1      AA1       59         0
                text1                               D95      D95       C6         0
                maintext                            E5B      E5B      1A5         0
                inittext                            99E      99E       13         0
                idataBANK1                          9CB      9CB       1A         0

        CLASS   STRCODE        

        CLASS   STRING         
                strings                             800      800       12         0

        CLASS   CONST          

        CLASS   ENTRY          

        CLASS   COMMON         
                cstackCOMMON                         70       70        E         1

        CLASS   BANK0          
                cstackBANK0                          20       20       50         1

        CLASS   BANK1          
                dataBANK1                            A0       A0       1A         1
                bssBANK1                             BA       BA        D         1
                nvBANK1                              C7       C7        1         1

        CLASS   BANK2          

        CLASS   BANK3          

        CLASS   RAM            

        CLASS   ABS1           
                abs_s1                               7E       7E        2         1

        CLASS   SFR0           

        CLASS   SFR1           

        CLASS   SFR2           

        CLASS   SFR3           

        CLASS   CONFIG         
                config                             2007     2007        2         4

        CLASS   IDLOC          
                idloc                              2000     2000        4         5

        CLASS   EEDATA         

        CLASS   STACK          



SEGMENTS        Name                           Load    Length   Top    Selector   Space  Class     Delta

                reset_vec                      000000  000003  000003         0       0  CODE        2
                text15                         000005  00006A  00006F         A       0  CODE        2
                cstackBANK0                    000020  000050  000070        20       1  BANK0       1
                cstackCOMMON                   000070  00000E  00007E        70       1  COMMON      1
                dataBANK1                      0000A0  000028  0000C8        A0       1  BANK1       1
                text11                         00006F  0001D3  000242        DE       0  CODE        2
                text12                         000242  000258  00049A       484       0  CODE        2
                text9                          00049A  000345  0007DF       934       0  CODE        2
                cinit                          0007DF  000021  000800       FBE       0  CODE        2
                strings                        000800  000012  000812      1000       0  STRING      2
                text16                         000962  00000D  00096F      12C4       0  CODE        2
                text21                         00096F  00000E  00097D      12DE       0  CODE        2
                text20                         00097D  000010  00098D      12FA       0  CODE        2
                text5                          00098D  000011  00099E      131A       0  CODE        2
                inittext                       00099E  000013  0009B1      133C       0  CODE        2
                text17                         0009B1  00001A  0009CB      1362       0  CODE        2
                idataBANK1                     0009CB  00001A  0009E5      1396       0  CODE        2
                text19                         0009E5  00001F  000A04      13CA       0  CODE        2
                text13                         000A04  000021  000A25      1408       0  CODE        2
                text18                         000A25  000022  000A47      144A       0  CODE        2
                text10                         000A47  000027  000A6E      148E       0  CODE        2
                text14                         000A6E  000033  000AA1      14DC       0  CODE        2
                text2                          000AA1  000059  000AFA      1542       0  CODE        2
                text3                          000AFA  000067  000B61      15F4       0  CODE        2
                text8                          000B61  000076  000BD7      16C2       0  CODE        2
                text6                          000BD7  000079  000C50      17AE       0  CODE        2
                text4                          000C50  00008D  000CDD      18A0       0  CODE        2
                text7                          000CDD  0000B8  000D95      19BA       0  CODE        2
                text1                          000D95  0000C6  000E5B      1B2A       0  CODE        2
                maintext                       000E5B  0001A5  001000      1CB6       0  CODE        2


UNUSED ADDRESS RANGES

        Name                Unused          Largest block    Delta
        BANK1            00C8-00EF             28           1
        BANK2            0110-016F             60           1
        BANK3            0190-01EF             60           1
        CODE             0003-0004              2           2
                         0812-0961            150
                         1000-1FFF            800
        CONST            0003-0004              2           2
                         0812-0961             EE
                         1000-1FFF            100
        EEDATA           2100-21FF            100           2
        ENTRY            0003-0004              2           2
                         0812-0961             EE
                         1000-1FFF            100
        RAM              00C8-00EF             28           1
                         0110-016F             60
                         0190-01EF             60
        SFR0             0000-001F             20           1
        SFR1             0080-009F             20           1
        SFR2             0100-010F             10           1
        SFR3             0180-018F             10           1
        STRCODE          0003-0004              2           2
                         0812-0961            150
                         1000-1FFF           1000
        STRING           0003-0004              2           2
                         0812-0961             EE
                         1000-1FFF            100

                                  Symbol Table

?__Umul8_16               cstackCOMMON 0070
?___awdiv                 cstackCOMMON 0070
?___awmod                 cstackCOMMON 0070
?___fladd                 cstackBANK0  0054
?___fldiv                 cstackBANK0  003A
?___flmul                 cstackBANK0  0020
?___fltol                 cstackCOMMON 0070
?___xxtofl                cstackCOMMON 0070
CHADC@canal               cstackCOMMON 0071
Envio_Cadena@cadena       cstackCOMMON 0072
Envio_caracter@a          cstackCOMMON 0070
Lcd_Cmd@a                 cstackCOMMON 0073
Lcd_Port@a                cstackCOMMON 0070
Lcd_Set_Cursor@a          cstackCOMMON 0076
Lcd_Set_Cursor@b          cstackCOMMON 0074
Lcd_Set_Cursor@temp       cstackCOMMON 0079
Lcd_Set_Cursor@y          cstackCOMMON 0078
Lcd_Set_Cursor@z          cstackCOMMON 0077
Lcd_Write_Char@a          cstackCOMMON 0074
Lcd_Write_Char@temp       cstackCOMMON 0072
Lcd_Write_Char@y          cstackCOMMON 0073
Lcd_Write_String@a        cstackCOMMON 0078
Lcd_Write_String@i        cstackCOMMON 0076
Serial_begin@baud         cstackBANK0  0068
Serial_begin@temp         cstackBANK0  006A
VoltLCD@POT               cstackCOMMON 007C
VoltLCD@VOLT              cstackCOMMON 007A
VoltLCD@cursor            cstackCOMMON 007D
_ADCON0bits               (abs)        001F
_ADCON1bits               (abs)        009F
_ADIF                     (abs)        0066
_ADRESH                   (abs)        001E
_ANSEL                    (abs)        0188
_ANSELH                   (abs)        0189
_ASCII                    dataBANK1    00A0
_BAUDCTLbits              (abs)        0187
_CHADC                    text21       096F
_CREN                     (abs)        00C4
_Envio_Cadena             text19       09E5
_Envio_caracter           text20       097D
_INTCONbits               (abs)        000B
_Lcd_Clear                text16       0962
_Lcd_Cmd                  text17       09B1
_Lcd_Init                 text15       0005
_Lcd_Port                 text18       0A25
_Lcd_Set_Cursor           text4        0C50
_Lcd_Write_Char           text14       0A6E
_Lcd_Write_String         text13       0A04
_NextADC                  bssBANK1     00C2
_OERR                     (abs)        00C1
_OSCCONbits               (abs)        008F
_PIE1bits                 (abs)        008C
_PIR1bits                 (abs)        000C
_PORTA                    (abs)        0005
_PORTD                    (abs)        0008
_PORTDbits                (abs)        0008
_PORTE                    (abs)        0009
_POT1                     bssBANK1     00C1
_POT2                     bssBANK1     00C0
_RCIF                     (abs)        0065
_RCREG                    (abs)        001A
_RCSTA                    (abs)        0018
_RCSTAbits                (abs)        0018
_SPBRG                    (abs)        0099
_SPBRGH                   (abs)        009A
_Serial_begin             text6        0BD7
_Serial_read              text5        098D
_TRISA                    (abs)        0085
_TRISC6                   (abs)        043E
_TRISC7                   (abs)        043F
_TRISD                    (abs)        0088
_TRISDbits                (abs)        0088
_TRISE                    (abs)        0089
_TXIF                     (abs)        0064
_TXREG                    (abs)        0019
_TXSTA                    (abs)        0098
_TXSTAbits                (abs)        0098
_VoltLCD                  text1        0D95
__Habs1                   abs1         0000
__Hbank0                  bank0        0000
__Hbank1                  bank1        0000
__Hbank2                  bank2        0000
__Hbank3                  bank3        0000
__HbssBANK1               bssBANK1     0000
__Hcinit                  cinit        0800
__Hclrtext                clrtext      0000
__Hcode                   code         0000
__Hcommon                 common       0000
__Hconfig                 config       2009
__HcstackBANK0            cstackBANK0  0000
__HcstackCOMMON           cstackCOMMON 0000
__HdataBANK1              dataBANK1    0000
__Heeprom_data            eeprom_data  0000
__Hend_init               end_init     0003
__Hfunctab                functab      0000
__HidataBANK1             idataBANK1   0000
__Hidloc                  idloc        2004
__Hinit                   init         0000
__Hinittext               inittext     0000
__Hintentry               intentry     0000
__Hmaintext               maintext     0000
__HnvBANK1                nvBANK1      0000
__Hpowerup                powerup      0000
__Hram                    ram          0000
__Hreset_vec              reset_vec    0000
__Hsfr0                   sfr0         0000
__Hsfr1                   sfr1         0000
__Hsfr2                   sfr2         0000
__Hsfr3                   sfr3         0000
__Hspace_0                (abs)        1000
__Hspace_1                (abs)        00C8
__Hspace_2                (abs)        0000
__Hspace_3                (abs)        0000
__Hspace_4                (abs)        4010
__Hstack                  stack        0000
__Hstrings                strings      0000
__Htext                   text         0000
__Labs1                   abs1         0000
__Lbank0                  bank0        0000
__Lbank1                  bank1        0000
__Lbank2                  bank2        0000
__Lbank3                  bank3        0000
__LbssBANK1               bssBANK1     0000
__Lcinit                  cinit        07DF
__Lclrtext                clrtext      0000
__Lcode                   code         0000
__Lcommon                 common       0000
__Lconfig                 config       0000
__LcstackBANK0            cstackBANK0  0000
__LcstackCOMMON           cstackCOMMON 0000
__LdataBANK1              dataBANK1    0000
__Leeprom_data            eeprom_data  0000
__Lend_init               end_init     0000
__Lfunctab                functab      0000
__LidataBANK1             idataBANK1   0000
__Lidloc                  idloc        0000
__Linit                   init         0000
__Linittext               inittext     0000
__Lintentry               intentry     0000
__Lmaintext               maintext     0000
__LnvBANK1                nvBANK1      0000
__Lpowerup                powerup      0000
__Lram                    ram          0000
__Lreset_vec              reset_vec    0000
__Lsfr0                   sfr0         0000
__Lsfr1                   sfr1         0000
__Lsfr2                   sfr2         0000
__Lsfr3                   sfr3         0000
__Lspace_0                (abs)        0000
__Lspace_1                (abs)        0000
__Lspace_2                (abs)        0000
__Lspace_3                (abs)        0000
__Lspace_4                (abs)        0000
__Lstack                  stack        0000
__Lstrings                strings      0000
__Ltext                   text         0000
__S0                      (abs)        1000
__S1                      (abs)        00C8
__S3                      (abs)        0000
__Umul8_16                text10       0A47
__Umul8_16@multiplicand   cstackCOMMON 0070
__Umul8_16@multiplier     cstackCOMMON 0078
__Umul8_16@product        cstackCOMMON 0074
__Umul8_16@word_mpld      cstackCOMMON 0076
___awdiv                  text3        0AFA
___awdiv@counter          cstackCOMMON 0075
___awdiv@dividend         cstackCOMMON 0072
___awdiv@divisor          cstackCOMMON 0070
___awdiv@quotient         cstackCOMMON 0077
___awdiv@sign             cstackCOMMON 0076
___awmod                  text2        0AA1
___awmod@counter          cstackCOMMON 0075
___awmod@dividend         cstackCOMMON 0072
___awmod@divisor          cstackCOMMON 0070
___awmod@sign             cstackCOMMON 0076
___fladd                  text12       0242
___fladd@a                cstackBANK0  0058
___fladd@aexp             cstackBANK0  0065
___fladd@b                cstackBANK0  0054
___fladd@bexp             cstackBANK0  0066
___fladd@grs              cstackBANK0  0067
___fladd@signs            cstackBANK0  0064
___fldiv                  text11       006F
___fldiv@a                cstackBANK0  003A
___fldiv@aexp             cstackBANK0  0053
___fldiv@b                cstackBANK0  003E
___fldiv@bexp             cstackBANK0  0052
___fldiv@grs              cstackBANK0  004E
___fldiv@new_exp          cstackBANK0  004C
___fldiv@rem              cstackBANK0  0047
___fldiv@sign             cstackBANK0  004B
___flmul                  text9        049A
___flmul@a                cstackBANK0  0024
___flmul@aexp             cstackBANK0  0032
___flmul@b                cstackBANK0  0020
___flmul@bexp             cstackBANK0  0033
___flmul@grs              cstackBANK0  002E
___flmul@prod             cstackBANK0  0034
___flmul@sign             cstackBANK0  002D
___flmul@temp             cstackBANK0  0038
___fltol                  text8        0B61
___fltol@exp1             cstackCOMMON 0079
___fltol@f1               cstackCOMMON 0070
___fltol@sign1            cstackCOMMON 0078
___int_sp                 stack        0000
___latbits                (abs)        0002
___sp                     stack        0000
___stackhi                (abs)        0000
___stacklo                (abs)        0000
___xxtofl                 text7        0CDD
___xxtofl@arg             cstackCOMMON 007A
___xxtofl@exp             cstackCOMMON 0079
___xxtofl@sign            cstackCOMMON 0078
___xxtofl@val             cstackCOMMON 0070
__end_of_CHADC            text21       097D
__end_of_Envio_Cadena     text19       0A04
__end_of_Envio_caracter   text20       098D
__end_of_Lcd_Clear        text16       096F
__end_of_Lcd_Cmd          text17       09CB
__end_of_Lcd_Init         text15       006F
__end_of_Lcd_Port         text18       0A47
__end_of_Lcd_Set_Cursor   text4        0CDD
__end_of_Lcd_Write_Char   text14       0AA1
__end_of_Lcd_Write_String text13       0A25
__end_of_Serial_begin     text6        0C50
__end_of_Serial_read      text5        099E
__end_of_VoltLCD          text1        0E5B
__end_of__Umul8_16        text10       0A6E
__end_of___awdiv          text3        0B61
__end_of___awmod          text2        0AFA
__end_of___fladd          text12       049A
__end_of___fldiv          text11       0242
__end_of___flmul          text9        07DF
__end_of___fltol          text8        0BD7
__end_of___xxtofl         text7        0D95
__end_of__initialization  cinit        07FC
__end_of__stringtab       strings      0806
__end_of_main             maintext     1000
__initialization          cinit        07DF
__pbssBANK1               bssBANK1     00BA
__pcstackBANK0            cstackBANK0  0020
__pcstackCOMMON           cstackCOMMON 0070
__pdataBANK1              dataBANK1    00A0
__pidataBANK1             idataBANK1   09CB
__pmaintext               maintext     0E5B
__pnvBANK1                nvBANK1      00C7
__pstrings                strings      0800
__ptext1                  text1        0D95
__ptext10                 text10       0A47
__ptext11                 text11       006F
__ptext12                 text12       0242
__ptext13                 text13       0A04
__ptext14                 text14       0A6E
__ptext15                 text15       0005
__ptext16                 text16       0962
__ptext17                 text17       09B1
__ptext18                 text18       0A25
__ptext19                 text19       09E5
__ptext2                  text2        0AA1
__ptext20                 text20       097D
__ptext21                 text21       096F
__ptext3                  text3        0AFA
__ptext4                  text4        0C50
__ptext5                  text5        098D
__ptext6                  text6        0BD7
__ptext7                  text7        0CDD
__ptext8                  text8        0B61
__ptext9                  text9        049A
__stringbase              strings      0805
__stringtab               strings      0800
_centena                  bssBANK1     00C6
_contador                 bssBANK1     00BE
_decena                   bssBANK1     00C4
_frase1                   dataBANK1    00AA
_main                     maintext     0E5B
_operando                 nvBANK1      00C7
_res_cen                  bssBANK1     00C5
_unidad                   bssBANK1     00C3
btemp                     (abs)        007E
end_of_initialization     cinit        07FC
init_fetch0               inittext     099E
init_ram0                 inittext     09A2
intlevel0                 functab      0000
intlevel1                 functab      0000
intlevel2                 functab      0000
intlevel3                 functab      0000
intlevel4                 functab      0000
intlevel5                 functab      0000
reset_vec                 reset_vec    0000
start                     init         0000
start_initialization      cinit        07DF
wtemp0                    (abs)        007E


MODULE INFORMATION

Module		Function		Class		Link	Load	Size
C:\Program Files\Microchip\xc8\v2.40\pic\sources\c90\common\fltol.c
		___fltol       		CODE           	0B61	0000	118

C:\Program Files\Microchip\xc8\v2.40\pic\sources\c90\common\fltol.c estimated size: 118

USART.c
		_Serial_read   		CODE           	098D	0000	17
		_Serial_begin  		CODE           	0BD7	0000	121

USART.c estimated size: 138

C:\Program Files\Microchip\xc8\v2.40\pic\sources\c90\common\awdiv.c
		___awdiv       		CODE           	0AFA	0000	103

C:\Program Files\Microchip\xc8\v2.40\pic\sources\c90\common\awdiv.c estimated size: 103

C:\Program Files\Microchip\xc8\v2.40\pic\sources\c90\common\sprcmul.c
		___flmul       		CODE           	049A	0000	837

C:\Program Files\Microchip\xc8\v2.40\pic\sources\c90\common\sprcmul.c estimated size: 837

C:\Program Files\Microchip\xc8\v2.40\pic\sources\c90\common\sprcdiv.c
		___fldiv       		CODE           	006F	0000	467

C:\Program Files\Microchip\xc8\v2.40\pic\sources\c90\common\sprcdiv.c estimated size: 467

C:\Program Files\Microchip\xc8\v2.40\pic\sources\c90\common\Umul8_16.c
		__Umul8_16     		CODE           	0A47	0000	39

C:\Program Files\Microchip\xc8\v2.40\pic\sources\c90\common\Umul8_16.c estimated size: 39

../L1.X/ADC.c
		_CHADC         		CODE           	096F	0000	14

../L1.X/ADC.c estimated size: 14

shared
		__stringtab    		STRING         	0800	0000	6
		__initialization		CODE           	07DF	0000	29

shared estimated size: 35

Laboratorio2.c
		_Envio_Cadena  		CODE           	09E5	0000	31
		_main          		CODE           	0E5B	0000	421
		_Envio_caracter		CODE           	097D	0000	16
		_VoltLCD       		CODE           	0D95	0000	198

Laboratorio2.c estimated size: 666

C:\Program Files\Microchip\xc8\v2.40\pic\sources\c90\common\sprcadd.c
		___fladd       		CODE           	0242	0000	600

C:\Program Files\Microchip\xc8\v2.40\pic\sources\c90\common\sprcadd.c estimated size: 600

C:\Program Files\Microchip\xc8\v2.40\pic\sources\c90\common\awmod.c
		___awmod       		CODE           	0AA1	0000	89

C:\Program Files\Microchip\xc8\v2.40\pic\sources\c90\common\awmod.c estimated size: 89

C:\Program Files\Microchip\xc8\v2.40\pic\sources\c90\common\xxtofl.c
		___xxtofl      		CODE           	0CDD	0000	184

C:\Program Files\Microchip\xc8\v2.40\pic\sources\c90\common\xxtofl.c estimated size: 184

LCD.c
		_Lcd_Write_String		CODE           	0A04	0000	33
		_Lcd_Init      		CODE           	0005	0000	106
		_Lcd_Write_Char		CODE           	0A6E	0000	51
		_Lcd_Cmd       		CODE           	09B1	0000	26
		_Lcd_Set_Cursor		CODE           	0C50	0000	141
		_Lcd_Clear     		CODE           	0962	0000	13
		_Lcd_Port      		CODE           	0A25	0000	34

LCD.c estimated size: 404

